// Jest Snapshot v1, https://goo.gl/fbAQLP

exports[`should match snapshot 1`] = `
<div>
  <div
    class="sc-dmyDGi kCfzDw"
  >
    <header
      class="sc-beySbM dLzZVe"
    >
      <pre>
        sample-mfe-ping
         v
        0.0.1
      </pre>
    </header>
    <div
      class="sc-guDLRT cbuot"
    >
      <textarea
        class="sc-hLQRIN VIDBw"
        readonly=""
      />
    </div>
  </div>
</div>
`;
